
> level-up-chad@0.1.0 test
> vitest


[1m[44m DEV [49m[22m [34mv4.0.18 [39m[90mC:/Users/massa/Documents/Projects/Level UP Chad Gemini/level-up-chad[39m

 [32mÔ£ô[39m tests/mechanics.test.ts [2m([22m[2m16 tests[22m[2m)[22m[32m 13[2mms[22m[39m
 [32mÔ£ô[39m tests/quests.test.ts [2m([22m[2m3 tests[22m[2m)[22m[32m 6[2mms[22m[39m

[2m Test Files [22m [1m[32m2 passed[39m[22m[90m (2)[39m
[2m      Tests [22m [1m[32m19 passed[39m[22m[90m (19)[39m
[2m   Start at [22m 22:55:47
[2m   Duration [22m 3.71s[2m (transform 2.63s, setup 0ms, import 3.02s, tests 19ms, environment 0ms)[22m

[1m[42m PASS [49m[22m [32mWaiting for file changes...[39m
       [2mpress [22m[1mh[22m[2m to show help[22m[2m, [22m[2mpress [22m[1mq[22m[2m to quit[22m
c[3J[1m[44m RERUN [49m[22m [34m[2msrc/lib/game/quests.ts [22m[34mx1 [34m[39m

 [32mÔ£ô[39m tests/quests.test.ts [2m([22m[2m3 tests[22m[2m)[22m[32m 4[2mms[22m[39m

[2m Test Files [22m [1m[32m1 passed[39m[22m[90m (1)[39m
[2m      Tests [22m [1m[32m3 passed[39m[22m[90m (3)[39m
[2m   Start at [22m 19:28:03
[2m   Duration [22m 54ms

[1m[42m PASS [49m[22m [32mWaiting for file changes...[39m
       [2mpress [22m[1mh[22m[2m to show help[22m[2m, [22m[2mpress [22m[1mq[22m[2m to quit[22m
